// Jest Snapshot v1, https://goo.gl/fbAQLP

exports[`<Header /> Rendering should render default header 1`] = `
<header
  className="header"
  style={
    Object {
      "background": "#000 url('img/netflix-bg.jpg')",
    }
  }
>
  <div
    className="header-container"
  >
    <TopBarSection />
    <Search />
  </div>
</header>
`;
