// Jest Snapshot v1, https://goo.gl/fbAQLP

exports[`Film Snapshot Film Component should render correctly with given props 1`] = `
<a
  class="sc-bdVaJa film-link dQMKLa"
>
  <img
    class="sc-bwzfXH ifbPgJ"
    src="https://image.tmdb.org/t/p/w500/xY7k2M9eElJnLSYwqY85Xon5z6m.jpg"
  />
  <div
    class="sc-htpNat eUMQJL"
  >
    <h3
      class="sc-bxivhb gEscEi"
    >
      Papillon
    </h3>
    <span>
      Crime, Drama
    </span>
    <span
      class="sc-ifAKCX cCwMba"
    >
      1973
    </span>
  </div>
</a>
`;
