// Jest Snapshot v1, https://goo.gl/fbAQLP

exports[`Button Snapshot Button Common Component should render correctly with no props 1`] = `
<styled.button
  modifiers={
    Array [
      "red",
    ]
  }
>
  <StyledComponent
    forwardedComponent={
      Object {
        "$$typeof": Symbol(react.forward_ref),
        "attrs": Array [],
        "componentStyle": ComponentStyle {
          "componentId": "sc-bdVaJa",
          "isStatic": false,
          "lastClassName": "iYlrHO",
          "rules": Array [
            "
    font-size: 16px;
    margin-left: auto;    
    border: 0;
    padding: 6px 12px;    
    text-transform: uppercase;
    border-radius: 4px;
    outline: none;
    cursor: pointer;
    
    ",
            [Function],
            "
    
    ",
            [Function],
            "
",
          ],
        },
        "displayName": "styled.button",
        "foldedComponentIds": Array [],
        "render": [Function],
        "styledComponentId": "sc-bdVaJa",
        "target": "button",
        "toString": [Function],
        "warnTooManyClasses": [Function],
        "withComponent": [Function],
      }
    }
    forwardedRef={null}
    modifiers={
      Array [
        "red",
      ]
    }
  >
    <button
      className="sc-bdVaJa iYlrHO"
    >
      Push
    </button>
  </StyledComponent>
</styled.button>
`;
